misc/testOnce2(4,2): ERR Once method 'y' cannot have parameters
