checkErrors/testTypeMisc(3,11): ERR Invalid override
