(1,1)		mixin
(1,7)		Foo
(1,11)		{
(1,12)		}
(1,13)		eof