(1,1)		class
(1,7)		Foo
(1,11)		{
(1,13)		Void
(1,18)		f
(1,19)		(
(1,20)		)
(1,22)		{
(1,24)		switch
(1,31)		(
(1,32)		Int literal
(1,33)		)
(1,35)		{
(1,37)		default
(1,44)		:
(1,46)		return
(1,52)		;
(1,54)		default
(1,61)		:
(1,63)		return
(1,69)		;
(1,71)		}
(1,73)		}
(1,75)		}
(1,76)		eof