(1,1)		enum
(1,6)		class
(1,12)		Foo
(2,1)		{
(3,3)		a
(3,4)		(
(3,5)		true
(3,9)		)
(3,10)		,
(4,3)		b
(4,4)		(
(4,5)		false
(4,10)		)
(4,11)		;
(5,1)		}
(5,2)		eof