parser/testMultiLineStrs(3,3): ERR Leading space in multi-line Str must be 11 spaces
parser/testMultiLineStrs(7,13): ERR Leading space in multi-line Str must be 13 spaces
parser/testMultiLineStrs(22,13): ERR Leading space in multi-line Str must be 13 spaces
