parser/testBadImports(2,7): ERR Type not found 'Yuck'
