parser/testDuplicateClasses: ERR Duplicate type name 'A'
parser/testDuplicateClasses: ERR Duplicate type name 'Foo'
